// Jest Snapshot v1, https://goo.gl/fbAQLP

exports[`reverseFormatNumber dec "  -0.123  " 1`] = `-0.123`;

exports[`reverseFormatNumber dec "  123  " 1`] = `123`;

exports[`reverseFormatNumber dec "-0.723" 1`] = `-0.723`;

exports[`reverseFormatNumber dec "-1" 1`] = `-1`;

exports[`reverseFormatNumber dec "-123" 1`] = `-123`;

exports[`reverseFormatNumber dec "0" 1`] = `0`;

exports[`reverseFormatNumber dec "0.00234" 1`] = `0.00234`;

exports[`reverseFormatNumber dec "0.1" 1`] = `0.1`;

exports[`reverseFormatNumber dec "000123" 1`] = `123`;

exports[`reverseFormatNumber dec "1" 1`] = `1`;

exports[`reverseFormatNumber dec "10" 1`] = `10`;

exports[`reverseFormatNumber dec "123" 1`] = `123`;

exports[`reverseFormatNumber dec "14834921" 1`] = `14834921`;

exports[`reverseFormatNumber hex "0X0" 1`] = `0`;

exports[`reverseFormatNumber hex "0X000ffffffff" 1`] = `-1`;

exports[`reverseFormatNumber hex "0X00abc" 1`] = `2748`;

exports[`reverseFormatNumber hex "0X0A" 1`] = `10`;

exports[`reverseFormatNumber hex "0x0" 1`] = `0`;

exports[`reverseFormatNumber hex "0x000C" 1`] = `12`;

exports[`reverseFormatNumber hex "0x1" 1`] = `1`;

exports[`reverseFormatNumber hex "0x8A3A1234" 1`] = `-1975905740`;

exports[`reverseFormatNumber hex "0x1234567" 1`] = `19088743`;

exports[`reverseFormatNumber hex "0x80000000" 1`] = `-2147483648`;

exports[`reverseFormatNumber hex "0xA" 1`] = `10`;

exports[`reverseFormatNumber hex "0xA1234567" 1`] = `-1591523993`;

exports[`reverseFormatNumber hex "0xABCDEF" 1`] = `11259375`;

exports[`reverseFormatNumber hex "0xFFFFBA98" 1`] = `-17768`;

exports[`reverseFormatNumber hex "0xFFFFFFFF" 1`] = `-1`;
