// Jest Snapshot v1, https://goo.gl/fbAQLP

exports[`applyAllFormatting number formatting handled by applyAllFormatting val="0"   1`] = `"0"`;

exports[`applyAllFormatting number formatting handled by applyAllFormatting val="0"   2`] = `"0"`;

exports[`applyAllFormatting number formatting handled by applyAllFormatting val="0"  scaleFactor=2 1`] = `"0.00"`;

exports[`applyAllFormatting number formatting handled by applyAllFormatting val="0" PRINTF=""%5.1f"" scaleFactor=1 1`] = `"0.0"`;

exports[`applyAllFormatting number formatting handled by applyAllFormatting val="000123"   1`] = `"123"`;

exports[`applyAllFormatting number formatting handled by applyAllFormatting val="000123"   2`] = `"123"`;

exports[`applyAllFormatting number formatting handled by applyAllFormatting val="000123"  scaleFactor=2 1`] = `"1.23"`;

exports[`applyAllFormatting number formatting handled by applyAllFormatting val="000123" PRINTF=""%5.1f"" scaleFactor=1 1`] = `"12.3"`;

exports[`applyAllFormatting number formatting handled by applyAllFormatting val="0X01F"   1`] = `"31"`;

exports[`applyAllFormatting number formatting handled by applyAllFormatting val="0X01F"   2`] = `"31"`;

exports[`applyAllFormatting number formatting handled by applyAllFormatting val="0X01F"  scaleFactor=2 1`] = `"0.31"`;

exports[`applyAllFormatting number formatting handled by applyAllFormatting val="0X01F" PRINTF=""%5.1f"" scaleFactor=1 1`] = `"3.1"`;

exports[`applyAllFormatting number formatting handled by applyAllFormatting val="0xA"   1`] = `"10"`;

exports[`applyAllFormatting number formatting handled by applyAllFormatting val="0xA"   2`] = `"10"`;

exports[`applyAllFormatting number formatting handled by applyAllFormatting val="0xA"  scaleFactor=2 1`] = `"0.10"`;

exports[`applyAllFormatting number formatting handled by applyAllFormatting val="0xA" PRINTF=""%5.1f"" scaleFactor=1 1`] = `"1.0"`;

exports[`applyAllFormatting number formatting handled by applyAllFormatting val=-1   1`] = `"-1"`;

exports[`applyAllFormatting number formatting handled by applyAllFormatting val=-1   2`] = `"-1"`;

exports[`applyAllFormatting number formatting handled by applyAllFormatting val=-1  scaleFactor=2 1`] = `"-0.01"`;

exports[`applyAllFormatting number formatting handled by applyAllFormatting val=-1 PRINTF=""%5.1f"" scaleFactor=1 1`] = `"-0.1"`;

exports[`applyAllFormatting number formatting handled by applyAllFormatting val=-123   1`] = `"-123"`;

exports[`applyAllFormatting number formatting handled by applyAllFormatting val=-123   2`] = `"-123"`;

exports[`applyAllFormatting number formatting handled by applyAllFormatting val=-123  scaleFactor=2 1`] = `"-1.23"`;

exports[`applyAllFormatting number formatting handled by applyAllFormatting val=-123 PRINTF=""%5.1f"" scaleFactor=1 1`] = `"-12.3"`;

exports[`applyAllFormatting number formatting handled by applyAllFormatting val=0   1`] = `"0"`;

exports[`applyAllFormatting number formatting handled by applyAllFormatting val=0   2`] = `"0"`;

exports[`applyAllFormatting number formatting handled by applyAllFormatting val=0  scaleFactor=2 1`] = `"0.00"`;

exports[`applyAllFormatting number formatting handled by applyAllFormatting val=0 PRINTF=""%5.1f"" scaleFactor=1 1`] = `"0.0"`;

exports[`applyAllFormatting number formatting handled by applyAllFormatting val=1   1`] = `"1"`;

exports[`applyAllFormatting number formatting handled by applyAllFormatting val=1   2`] = `"1"`;

exports[`applyAllFormatting number formatting handled by applyAllFormatting val=1  scaleFactor=2 1`] = `"0.01"`;

exports[`applyAllFormatting number formatting handled by applyAllFormatting val=1 PRINTF=""%5.1f"" scaleFactor=1 1`] = `"0.1"`;

exports[`applyAllFormatting number formatting handled by applyAllFormatting val=10   1`] = `"10"`;

exports[`applyAllFormatting number formatting handled by applyAllFormatting val=10   2`] = `"10"`;

exports[`applyAllFormatting number formatting handled by applyAllFormatting val=10  scaleFactor=2 1`] = `"0.10"`;

exports[`applyAllFormatting number formatting handled by applyAllFormatting val=10 PRINTF=""%5.1f"" scaleFactor=1 1`] = `"1.0"`;

exports[`applyAllFormatting number formatting handled by applyAllFormatting val=123   1`] = `"123"`;

exports[`applyAllFormatting number formatting handled by applyAllFormatting val=123   2`] = `"123"`;

exports[`applyAllFormatting number formatting handled by applyAllFormatting val=123  scaleFactor=2 1`] = `"1.23"`;

exports[`applyAllFormatting number formatting handled by applyAllFormatting val=123 PRINTF=""%5.1f"" scaleFactor=1 1`] = `"12.3"`;

exports[`applyAllFormatting number formatting handled by applyAllFormatting val=72491   1`] = `"72491"`;

exports[`applyAllFormatting number formatting handled by applyAllFormatting val=72491   2`] = `"72491"`;

exports[`applyAllFormatting number formatting handled by applyAllFormatting val=72491  scaleFactor=2 1`] = `"724.91"`;

exports[`applyAllFormatting number formatting handled by applyAllFormatting val=72491 PRINTF=""%5.1f"" scaleFactor=1 1`] = `"7249.1"`;
